Watching for file changes with StatReloader
Not Found: /@vite/client
Internal Server Error: /payments/initier-paiement
Traceback (most recent call last):
  File "C:\Users\abdou\AppData\Roaming\Python\Python313\site-packages\django\db\backends\utils.py", line 105, in _execute
    return self.cursor.execute(sql, params)
           ~~~~~~~~~~~~~~~~~~~^^^^^^^^^^^^^
  File "C:\Users\abdou\AppData\Roaming\Python\Python313\site-packages\django\db\backends\sqlite3\base.py", line 329, in execute
    return super().execute(query, params)
           ~~~~~~~~~~~~~~~^^^^^^^^^^^^^^^
sqlite3.OperationalError: no such table: payments_payment

The above exception was the direct cause of the following exception:

Traceback (most recent call last):
  File "C:\Users\abdou\AppData\Roaming\Python\Python313\site-packages\django\core\handlers\exception.py", line 55, in inner
    response = get_response(request)
  File "C:\Users\abdou\AppData\Roaming\Python\Python313\site-packages\django\core\handlers\base.py", line 197, in _get_response
    response = wrapped_callback(request, *callback_args, **callback_kwargs)
  File "C:\Users\abdou\AppData\Roaming\Python\Python313\site-packages\django\views\decorators\http.py", line 64, in inner
    return func(request, *args, **kwargs)
  File "C:\Users\abdou\OneDrive\Desktop\hg\paiement_amg\reference_impl\services\payments\views.py", line 32, in initier_paiement
    payment = Payment.objects.create(
        purchaseref=purchaseref,
    ...<6 lines>...
        status="initiating",
    )
  File "C:\Users\abdou\AppData\Roaming\Python\Python313\site-packages\django\db\models\manager.py", line 87, in manager_method
    return getattr(self.get_queryset(), name)(*args, **kwargs)
           ~~~~~~~~~~~~~~~~~~~~~~~~~~~~~~~~~~^^^^^^^^^^^^^^^^^
  File "C:\Users\abdou\AppData\Roaming\Python\Python313\site-packages\django\db\models\query.py", line 679, in create
    obj.save(force_insert=True, using=self.db)
    ~~~~~~~~^^^^^^^^^^^^^^^^^^^^^^^^^^^^^^^^^^
  File "C:\Users\abdou\AppData\Roaming\Python\Python313\site-packages\django\db\models\base.py", line 822, in save
    self.save_base(
    ~~~~~~~~~~~~~~^
        using=using,
        ^^^^^^^^^^^^
    ...<2 lines>...
        update_fields=update_fields,
        ^^^^^^^^^^^^^^^^^^^^^^^^^^^^
    )
    ^
  File "C:\Users\abdou\AppData\Roaming\Python\Python313\site-packages\django\db\models\base.py", line 909, in save_base
    updated = self._save_table(
        raw,
    ...<4 lines>...
        update_fields,
    )
  File "C:\Users\abdou\AppData\Roaming\Python\Python313\site-packages\django\db\models\base.py", line 1071, in _save_table
    results = self._do_insert(
        cls._base_manager, using, fields, returning_fields, raw
    )
  File "C:\Users\abdou\AppData\Roaming\Python\Python313\site-packages\django\db\models\base.py", line 1112, in _do_insert
    return manager._insert(
           ~~~~~~~~~~~~~~~^
        [self],
        ^^^^^^^
    ...<3 lines>...
        raw=raw,
        ^^^^^^^^
    )
    ^
  File "C:\Users\abdou\AppData\Roaming\Python\Python313\site-packages\django\db\models\manager.py", line 87, in manager_method
    return getattr(self.get_queryset(), name)(*args, **kwargs)
           ~~~~~~~~~~~~~~~~~~~~~~~~~~~~~~~~~~^^^^^^^^^^^^^^^^^
  File "C:\Users\abdou\AppData\Roaming\Python\Python313\site-packages\django\db\models\query.py", line 1847, in _insert
    return query.get_compiler(using=using).execute_sql(returning_fields)
           ~~~~~~~~~~~~~~~~~~~~~~~~~~~~~~~~~~~~~~~~~~~^^^^^^^^^^^^^^^^^^
  File "C:\Users\abdou\AppData\Roaming\Python\Python313\site-packages\django\db\models\sql\compiler.py", line 1823, in execute_sql
    cursor.execute(sql, params)
    ~~~~~~~~~~~~~~^^^^^^^^^^^^^
  File "C:\Users\abdou\AppData\Roaming\Python\Python313\site-packages\django\db\backends\utils.py", line 122, in execute
    return super().execute(sql, params)
           ~~~~~~~~~~~~~~~^^^^^^^^^^^^^
  File "C:\Users\abdou\AppData\Roaming\Python\Python313\site-packages\django\db\backends\utils.py", line 79, in execute
    return self._execute_with_wrappers(
           ~~~~~~~~~~~~~~~~~~~~~~~~~~~^
        sql, params, many=False, executor=self._execute
        ^^^^^^^^^^^^^^^^^^^^^^^^^^^^^^^^^^^^^^^^^^^^^^^
    )
    ^
  File "C:\Users\abdou\AppData\Roaming\Python\Python313\site-packages\django\db\backends\utils.py", line 92, in _execute_with_wrappers
    return executor(sql, params, many, context)
  File "C:\Users\abdou\AppData\Roaming\Python\Python313\site-packages\django\db\backends\utils.py", line 100, in _execute
    with self.db.wrap_database_errors:
         ^^^^^^^^^^^^^^^^^^^^^^^^^^^^
  File "C:\Users\abdou\AppData\Roaming\Python\Python313\site-packages\django\db\utils.py", line 91, in __exit__
    raise dj_exc_value.with_traceback(traceback) from exc_value
  File "C:\Users\abdou\AppData\Roaming\Python\Python313\site-packages\django\db\backends\utils.py", line 105, in _execute
    return self.cursor.execute(sql, params)
           ~~~~~~~~~~~~~~~~~~~^^^^^^^^^^^^^
  File "C:\Users\abdou\AppData\Roaming\Python\Python313\site-packages\django\db\backends\sqlite3\base.py", line 329, in execute
    return super().execute(query, params)
           ~~~~~~~~~~~~~~~^^^^^^^^^^^^^^^
django.db.utils.OperationalError: no such table: payments_payment
Not Found: /@vite/client
Watching for file changes with StatReloader
Not Found: /@vite/client
Erreur session HOLO: HTTPSConnectionPool(host='holourl', port=443): Max retries exceeded with url: /online/online.php?merchantid=2449462108576891 (Caused by NameResolutionError("<urllib3.connection.HTTPSConnection object at 0x000001B2C4AFC830>: Failed to resolve 'holourl' ([Errno 11001] getaddrinfo failed)"))
Not Found: /@vite/client
C:\Users\abdou\OneDrive\Desktop\hg\paiement_amg\reference_impl\services\payments\views.py changed, reloading.
Watching for file changes with StatReloader
Not Found: /payments/holo/accept
Not Found: /@vite/client
Not Found: /@vite/client
Not Found: /
Not Found: /@vite/client
Not Found: /
Not Found: /@vite/client
Not Found: /
Not Found: /@vite/client
Not Found: /@vite/client
Erreur session HOLO: HTTPSConnectionPool(host='holourl', port=443): Max retries exceeded with url: /online/online.php?merchantid=2449462108576891 (Caused by NameResolutionError("<urllib3.connection.HTTPSConnection object at 0x000002707BC54050>: Failed to resolve 'holourl' ([Errno 11001] getaddrinfo failed)"))
Not Found: /@vite/client
Not Found: /@vite/client
C:\Users\abdou\OneDrive\Desktop\hg\paiement_amg\reference_impl\services\holo_site\settings.py changed, reloading.
Watching for file changes with StatReloader
C:\Users\abdou\OneDrive\Desktop\hg\paiement_amg\reference_impl\services\payments\views.py changed, reloading.
Watching for file changes with StatReloader
Not Found: /@vite/client
HOLO session NOK: NOK:UNKNOWN_IP
Not Found: /@vite/client
Watching for file changes with StatReloader
Not Found: /@vite/client
HOLO session NOK: NOK:UNKNOWN_IP
Not Found: /@vite/client
Not Found: /@vite/client
Not Found: /@vite/client
Not Found: /payments/api/payment/holo/initiate
Forbidden (CSRF cookie not set.): /api/payment/holo/initiate
C:\Users\abdou\OneDrive\Desktop\hg\paiement_amg\reference_impl\services\payments\views.py changed, reloading.
Watching for file changes with StatReloader
HOLO session NOK: NOK:UNKNOWN_IP
C:\Users\abdou\OneDrive\Desktop\hg\paiement_amg\reference_impl\services\holo_site\settings.py changed, reloading.
Watching for file changes with StatReloader
C:\Users\abdou\OneDrive\Desktop\hg\paiement_amg\reference_impl\services\payments\urls.py changed, reloading.
Watching for file changes with StatReloader
Not Found: /@vite/client
HOLO session NOK: NOK:UNKNOWN_IP
Watching for file changes with StatReloader
Not Found: /@vite/client
Not Found: /@vite/client
HOLO session NOK: NOK:UNKNOWN_IP
Not Found: /@vite/client
Not Found: /favicon.ico
Not Found: /@vite/client
HOLO session NOK: NOK:UNKNOWN_IP
Not Found: /@vite/client
Not Found: /@vite/client
C:\Users\abdou\OneDrive\Desktop\hg\paiement_amg\reference_impl\services\holo_site\urls.py changed, reloading.
Watching for file changes with StatReloader
HOLO session NOK: NOK:UNKNOWN_IP
C:\Users\abdou\OneDrive\Desktop\hg\paiement_amg\reference_impl\services\payments\views.py changed, reloading.
Watching for file changes with StatReloader
HOLO session NOK: NOK:UNKNOWN_IP
HOLO session NOK: NOK:UNKNOWN_IP
